// Jest Snapshot v1, https://goo.gl/fbAQLP

exports[`<TestComponent /> Renders correctly (snapshot) 1`] = `
<div
  className="sc-beyTiQ eMKGUP"
>
  <h1
    className="sc-guDMob iwoBUU"
  />
  <p
    className="sc-dmyDmy kSCDqM"
  >
    subtitle
  </p>
  <button
    className="sc-hLQTFJ jTDXOb"
    onClick={[Function]}
  >
    add
  </button>
</div>
`;
